[backblue.gif]
[fade.gif]
[index.html]
[reativarconquistas.rosidomingos032.workers.dev/logo.png]
[reativarconquistas.rosidomingos032.workers.dev/hero.png]
[reativarconquistas.rosidomingos032.workers.dev/mc/item/grass_block.png]
[reativarconquistas.rosidomingos032.workers.dev/mc/item/experience_bottle.png]
[reativarconquistas.rosidomingos032.workers.dev/mc/item/iron_sword.png]
[reativarconquistas.rosidomingos032.workers.dev/mc/item/spyglass.png]
[reativarconquistas.rosidomingos032.workers.dev/mc/item/name_tag.png]
[reativarconquistas.rosidomingos032.workers.dev/mc/item/book.png]
[reativarconquistas.rosidomingos032.workers.dev/mc/item/enchanted_book.png]
[reativarconquistas.rosidomingos032.workers.dev/mc/item/barrier.png]
[reativarconquistas.rosidomingos032.workers.dev/mc/item/diamond_chestplate.png]
[reativarconquistas.rosidomingos032.workers.dev/mc/item/totem_of_undying.png]
[reativarconquistas.rosidomingos032.workers.dev/mc/item/crafting_table.png]
[reativarconquistas.rosidomingos032.workers.dev/mc/item/lantern.png]
[reativarconquistas.rosidomingos032.workers.dev/mc/item/painting.png]
[reativarconquistas.rosidomingos032.workers.dev/mc/item/map.png]
[reativarconquistas.rosidomingos032.workers.dev/mc/item/netherite_sword.png]
[reativarconquistas.rosidomingos032.workers.dev/mc/item/netherite_chestplate.png]
[reativarconquistas.rosidomingos032.workers.dev/index.html]
[reativarconquistas.rosidomingos032.workers.dev/mc/gui/inventory.png]
[reativarconquistas.rosidomingos032.workers.dev/styleb6f5.css]
[reativarconquistas.rosidomingos032.workers.dev/mc/gui/generic_54.png]
[reativarconquistas.rosidomingos032.workers.dev/minha-conta.html]
[reativarconquistas.rosidomingos032.workers.dev/termos.html]
[reativarconquistas.rosidomingos032.workers.dev/privacidade.html]
[reativarconquistas.rosidomingos032.workers.dev/reembolso.html]
[reativarconquistas.rosidomingos032.workers.dev/vendor/jszip.minae24.js]
[reativarconquistas.rosidomingos032.workers.dev/vendor/leveldb-reader30f4.js]
[reativarconquistas.rosidomingos032.workers.dev/config80ba.js]
[reativarconquistas.rosidomingos032.workers.dev/converterfb74.js]
[reativarconquistas.rosidomingos032.workers.dev/pixel-iconsae24.js]
[reativarconquistas.rosidomingos032.workers.dev/ferramentas-localae24.js]
[reativarconquistas.rosidomingos032.workers.dev/mapa-2d1bce.js]
[reativarconquistas.rosidomingos032.workers.dev/mapa-terreno30f4.js]
[reativarconquistas.rosidomingos032.workers.dev/nbt-bedrock30f4.js]
[reativarconquistas.rosidomingos032.workers.dev/leveldb-write5e1f.js]
[reativarconquistas.rosidomingos032.workers.dev/db-commonae52.js]
[reativarconquistas.rosidomingos032.workers.dev/chunksae52.js]
[reativarconquistas.rosidomingos032.workers.dev/player1bce.js]
[reativarconquistas.rosidomingos032.workers.dev/mc/itens.json]
[reativarconquistas.rosidomingos032.workers.dev/appce31.js]
[reativarconquistas.rosidomingos032.workers.dev/firebase-configf500.js]
[reativarconquistas.rosidomingos032.workers.dev/authae24.js]
[reativarconquistas.rosidomingos032.workers.dev/pagamentoce31.js]
[reativarconquistas.rosidomingos032.workers.dev/style.css]
[reativarconquistas.rosidomingos032.workers.dev/world_behavior_packs.json]
[reativarconquistas.rosidomingos032.workers.dev/pack_icon.png]
[reativarconquistas.rosidomingos032.workers.dev/levelname.txt]
[reativarconquistas.rosidomingos032.workers.dev/world_icon.jpeg]
[reativarconquistas.rosidomingos032.workers.dev/__none__.png]
[reativarconquistas.rosidomingos032.workers.dev/nome em levelname.txt]
[www.gstatic.com/firebasejs/10.12.5/firebase-app-compat.js]
[www.gstatic.com/firebasejs/10.12.5/firebase-auth-compat.js]
